I'm sorry, but errors were detected in your script. Please correct the
errors listed below, and try again.


The label bedEnd is defined twice, at File "game/script.rpy", line 163:
label bedEnd:
and File "game/script.rpy", line 238:
label bedEnd:


Ren'Py Version: Ren'Py 8.0.3.22090809
Wed Nov 23 01:55:43 2022
